// Jest Snapshot v1, https://goo.gl/fbAQLP

exports[`should render LoginPage correctly 1`] = `
<div
  className="box-layout"
>
  <div
    className="box-layout__box"
  >
    <h1
      className="box-layout__title"
    >
      BOILERPLATE
    </h1>
    <p>
      description
    </p>
    <button
      className="button"
      onClick={[Function]}
    >
      Login
    </button>
    <div
      className="scroll-left"
    >
      <p>
        --$--
      </p>
    </div>
  </div>
</div>
`;
